2026-06-08 13:47:22.890 [main] com.yf.web.config.mybatis.SnowflakeIdGenerator <init> ERROR com.yf.web.config.mybatis.SnowflakeIdGenerator:31 - ++++++++++ init mybatis workerId:6, datacenterId:0
2026-06-08 13:47:28.946 [main] com.yf.web.config.CorsConfig addCorsMappings ERROR com.yf.web.config.CorsConfig:52 - ++++++++++支持的域名有：[http://localhost:*, http://*:*]
2026-06-08 13:47:29.956 [main] org.springframework.boot.diagnostics.LoggingFailureAnalysisReporter report ERROR o.s.b.diagnostics.LoggingFailureAnalysisReporter:40 - 

***************************
APPLICATION FAILED TO START
***************************

Description:

Web server failed to start. Port 8101 was already in use.

Action:

Identify and stop the process that's listening on port 8101 or configure this application to listen on another port.

2026-06-08 13:52:06.864 [main] com.yf.web.config.mybatis.SnowflakeIdGenerator <init> ERROR com.yf.web.config.mybatis.SnowflakeIdGenerator:31 - ++++++++++ init mybatis workerId:20, datacenterId:10
2026-06-08 13:52:12.913 [main] com.yf.web.config.CorsConfig addCorsMappings ERROR com.yf.web.config.CorsConfig:52 - ++++++++++支持的域名有：[http://localhost:*, http://*:*]
2026-06-08 13:52:13.983 [main] org.springframework.boot.diagnostics.LoggingFailureAnalysisReporter report ERROR o.s.b.diagnostics.LoggingFailureAnalysisReporter:40 - 

***************************
APPLICATION FAILED TO START
***************************

Description:

Web server failed to start. Port 8101 was already in use.

Action:

Identify and stop the process that's listening on port 8101 or configure this application to listen on another port.

2026-06-08 13:53:01.100 [main] com.yf.web.config.mybatis.SnowflakeIdGenerator <init> ERROR com.yf.web.config.mybatis.SnowflakeIdGenerator:31 - ++++++++++ init mybatis workerId:31, datacenterId:20
2026-06-08 13:53:07.885 [main] com.yf.web.config.CorsConfig addCorsMappings ERROR com.yf.web.config.CorsConfig:52 - ++++++++++支持的域名有：[http://localhost:*, http://*:*]
2026-06-08 13:53:09.229 [main] org.springframework.boot.diagnostics.LoggingFailureAnalysisReporter report ERROR o.s.b.diagnostics.LoggingFailureAnalysisReporter:40 - 

***************************
APPLICATION FAILED TO START
***************************

Description:

Web server failed to start. Port 8101 was already in use.

Action:

Identify and stop the process that's listening on port 8101 or configure this application to listen on another port.

2026-06-08 13:57:00.564 [main] com.yf.web.config.mybatis.SnowflakeIdGenerator <init> ERROR com.yf.web.config.mybatis.SnowflakeIdGenerator:31 - ++++++++++ init mybatis workerId:4, datacenterId:28
2026-06-08 13:57:06.374 [main] com.yf.web.config.CorsConfig addCorsMappings ERROR com.yf.web.config.CorsConfig:52 - ++++++++++支持的域名有：[http://localhost:*, http://*:*]
2026-06-08 13:57:07.425 [main] org.springframework.boot.diagnostics.LoggingFailureAnalysisReporter report ERROR o.s.b.diagnostics.LoggingFailureAnalysisReporter:40 - 

***************************
APPLICATION FAILED TO START
***************************

Description:

Web server failed to start. Port 8101 was already in use.

Action:

Identify and stop the process that's listening on port 8101 or configure this application to listen on another port.

2026-06-08 13:57:33.061 [main] com.yf.web.config.mybatis.SnowflakeIdGenerator <init> ERROR com.yf.web.config.mybatis.SnowflakeIdGenerator:31 - ++++++++++ init mybatis workerId:14, datacenterId:7
2026-06-08 13:57:39.221 [main] com.yf.web.config.CorsConfig addCorsMappings ERROR com.yf.web.config.CorsConfig:52 - ++++++++++支持的域名有：[http://localhost:*, http://*:*]
2026-06-08 13:57:40.263 [main] com.yf.web.WebApplication main ERROR com.yf.web.WebApplication:48 - 
----------------------------------------------------------
	云帆考试系统启动成功，访问路径如下:
	本地路径: 		http://localhost:8101/
	网络地址: 	http://192.168.124.151:8101/
	API文档: 		http://192.168.124.151:8101/doc.html
----------------------------------------------------------
2026-06-08 14:01:45.779 [YfExamScheduler_QuartzSchedulerThread] org.quartz.impl.jdbcjobstore.JobStoreSupport acquireNextTrigger ERROR o.s.scheduling.quartz.LocalDataSourceJobStore:2867 - Error retrieving job, setting trigger state to ERROR.
org.quartz.JobPersistenceException: Couldn't retrieve job because a required class was not found: com.yf.modules.training_sign_in.job.TrainingSignInStatusJob
	at org.quartz.impl.jdbcjobstore.JobStoreSupport.retrieveJob(JobStoreSupport.java:1393)
	at org.quartz.impl.jdbcjobstore.JobStoreSupport.acquireNextTrigger(JobStoreSupport.java:2864)
	at org.quartz.impl.jdbcjobstore.JobStoreSupport$41.execute(JobStoreSupport.java:2805)
	at org.quartz.impl.jdbcjobstore.JobStoreSupport$41.execute(JobStoreSupport.java:2803)
	at org.quartz.impl.jdbcjobstore.JobStoreSupport.executeInNonManagedTXLock(JobStoreSupport.java:3864)
	at org.quartz.impl.jdbcjobstore.JobStoreSupport.acquireNextTriggers(JobStoreSupport.java:2802)
	at org.quartz.core.QuartzSchedulerThread.run(QuartzSchedulerThread.java:287)
Caused by: java.lang.ClassNotFoundException: com.yf.modules.training_sign_in.job.TrainingSignInStatusJob
	at java.base/jdk.internal.loader.BuiltinClassLoader.loadClass(BuiltinClassLoader.java:641)
	at java.base/jdk.internal.loader.ClassLoaders$AppClassLoader.loadClass(ClassLoaders.java:188)
	at java.base/java.lang.ClassLoader.loadClass(ClassLoader.java:525)
	at java.base/java.lang.Class.forName0(Native Method)
	at java.base/java.lang.Class.forName(Class.java:469)
	at org.springframework.util.ClassUtils.forName(ClassUtils.java:304)
	at org.springframework.scheduling.quartz.ResourceLoaderClassLoadHelper.loadClass(ResourceLoaderClassLoadHelper.java:81)
	at org.springframework.scheduling.quartz.ResourceLoaderClassLoadHelper.loadClass(ResourceLoaderClassLoadHelper.java:87)
	at org.quartz.impl.jdbcjobstore.StdJDBCDelegate.selectJobDetail(StdJDBCDelegate.java:852)
	at org.quartz.impl.jdbcjobstore.JobStoreSupport.retrieveJob(JobStoreSupport.java:1390)
	... 6 common frames omitted
