2026-03-30 18:04:38.288 [background-preinit] org.hibernate.validator.internal.util.Version <clinit> INFO  org.hibernate.validator.internal.util.Version:21 - HV000001: Hibernate Validator 8.0.1.Final
2026-03-30 18:04:38.392 [main] org.springframework.boot.StartupInfoLogger logStarting INFO  com.yf.web.WebApplication:50 - Starting WebApplication using Java 17.0.17 with PID 29468 (E:\rhProject\wk-train-center-service\yf-web\target\classes started by RUHAI in E:\rhProject\wk-train-center-service)
2026-03-30 18:04:38.393 [main] org.springframework.boot.SpringApplication logStartupProfileInfo INFO  com.yf.web.WebApplication:668 - The following 1 profile is active: "local"
2026-03-30 18:04:40.679 [main] org.springframework.data.repository.config.RepositoryConfigurationDelegate multipleStoresDetected INFO  o.s.d.r.config.RepositoryConfigurationDelegate:292 - Multiple Spring Data modules found, entering strict repository configuration mode
2026-03-30 18:04:40.684 [main] org.springframework.data.repository.config.RepositoryConfigurationDelegate registerRepositoriesIn INFO  o.s.d.r.config.RepositoryConfigurationDelegate:139 - Bootstrapping Spring Data Redis repositories in DEFAULT mode.
2026-03-30 18:04:40.732 [main] org.springframework.data.repository.config.RepositoryConfigurationDelegate registerRepositoriesIn INFO  o.s.d.r.config.RepositoryConfigurationDelegate:208 - Finished Spring Data repository scanning in 29 ms. Found 0 Redis repository interfaces.
2026-03-30 18:04:41.347 [main] org.springframework.context.support.PostProcessorRegistrationDelegate$BeanPostProcessorChecker postProcessAfterInitialization WARN  o.s.c.s.PostProcessorRegistrationDelegate$BeanPostProcessorChecker:429 - Bean 'shiroConfig' of type [com.yf.web.config.ShiroConfig$$SpringCGLIB$$0] is not eligible for getting processed by all BeanPostProcessors (for example: not eligible for auto-proxying). The currently created BeanPostProcessor [defaultAdvisorAutoProxyCreator] is declared through a non-static factory method on that class; consider declaring it as static instead.
2026-03-30 18:04:41.424 [main] org.springframework.context.support.PostProcessorRegistrationDelegate$BeanPostProcessorChecker postProcessAfterInitialization WARN  o.s.c.s.PostProcessorRegistrationDelegate$BeanPostProcessorChecker:437 - Bean 'myShiroRealm' of type [com.yf.ability.shiro.MyShiroRealm] is not eligible for getting processed by all BeanPostProcessors (for example: not eligible for auto-proxying). Is this bean getting eagerly injected into a currently created BeanPostProcessor [methodValidationPostProcessor]? Check the corresponding BeanPostProcessor declaration and its dependencies.
2026-03-30 18:04:41.502 [main] com.yf.web.config.ShiroConfig redisCacheManager INFO  com.yf.web.config.ShiroConfig:218 - ++++++++++初始化缓存管理器:RedisCacheManager
2026-03-30 18:04:41.505 [main] com.yf.web.config.ShiroConfig redisManager INFO  com.yf.web.config.ShiroConfig:236 - ++++++++++初始化权限缓存:RedisManager:192.168.124.90:16379
2026-03-30 18:04:41.514 [main] org.springframework.context.support.PostProcessorRegistrationDelegate$BeanPostProcessorChecker postProcessAfterInitialization WARN  o.s.c.s.PostProcessorRegistrationDelegate$BeanPostProcessorChecker:437 - Bean 'redisManager' of type [org.crazycake.shiro.RedisManager] is not eligible for getting processed by all BeanPostProcessors (for example: not eligible for auto-proxying). Is this bean getting eagerly injected into a currently created BeanPostProcessor [methodValidationPostProcessor]? Check the corresponding BeanPostProcessor declaration and its dependencies.
2026-03-30 18:04:41.518 [main] org.springframework.context.support.PostProcessorRegistrationDelegate$BeanPostProcessorChecker postProcessAfterInitialization WARN  o.s.c.s.PostProcessorRegistrationDelegate$BeanPostProcessorChecker:437 - Bean 'securityManager' of type [org.apache.shiro.web.mgt.DefaultWebSecurityManager] is not eligible for getting processed by all BeanPostProcessors (for example: not eligible for auto-proxying). Is this bean getting eagerly injected into a currently created BeanPostProcessor [methodValidationPostProcessor]? Check the corresponding BeanPostProcessor declaration and its dependencies.
2026-03-30 18:04:41.568 [main] org.springframework.context.support.PostProcessorRegistrationDelegate$BeanPostProcessorChecker postProcessAfterInitialization WARN  o.s.c.s.PostProcessorRegistrationDelegate$BeanPostProcessorChecker:437 - Bean 'authorizationAttributeSourceAdvisor' of type [org.apache.shiro.spring.security.interceptor.AuthorizationAttributeSourceAdvisor] is not eligible for getting processed by all BeanPostProcessors (for example: not eligible for auto-proxying). Is this bean getting eagerly injected into a currently created BeanPostProcessor []? Check the corresponding BeanPostProcessor declaration and its dependencies.
2026-03-30 18:04:42.416 [main] org.springframework.boot.web.embedded.tomcat.TomcatWebServer initialize INFO  o.s.boot.web.embedded.tomcat.TomcatWebServer:109 - Tomcat initialized with port 8101 (http)
2026-03-30 18:04:42.442 [main] org.apache.juli.logging.DirectJDKLog log INFO  org.apache.coyote.http11.Http11NioProtocol:173 - Initializing ProtocolHandler ["http-nio-8101"]
2026-03-30 18:04:42.448 [main] org.apache.juli.logging.DirectJDKLog log INFO  org.apache.catalina.core.StandardService:173 - Starting service [Tomcat]
2026-03-30 18:04:42.449 [main] org.apache.juli.logging.DirectJDKLog log INFO  org.apache.catalina.core.StandardEngine:173 - Starting Servlet engine: [Apache Tomcat/10.1.17]
2026-03-30 18:04:42.579 [main] org.apache.juli.logging.DirectJDKLog log INFO  o.a.c.core.ContainerBase.[Tomcat].[localhost].[/]:173 - Initializing Spring embedded WebApplicationContext
2026-03-30 18:04:42.580 [main] org.springframework.boot.web.servlet.context.ServletWebServerApplicationContext prepareWebApplicationContext INFO  o.s.b.w.s.c.ServletWebServerApplicationContext:296 - Root WebApplicationContext: initialization completed in 4094 ms
2026-03-30 18:04:43.690 [main] org.quartz.impl.StdSchedulerFactory instantiate INFO  org.quartz.impl.StdSchedulerFactory:1220 - Using default implementation for ThreadExecutor
2026-03-30 18:04:43.727 [main] org.quartz.core.SchedulerSignalerImpl <init> INFO  org.quartz.core.SchedulerSignalerImpl:61 - Initialized Scheduler Signaller of type: class org.quartz.core.SchedulerSignalerImpl
2026-03-30 18:04:43.728 [main] org.quartz.core.QuartzScheduler <init> INFO  org.quartz.core.QuartzScheduler:229 - Quartz Scheduler v.2.3.2 created.
2026-03-30 18:04:43.863 [main] com.alibaba.druid.pool.DruidDataSource init INFO  com.alibaba.druid.pool.DruidDataSource:824 - {dataSource-1} inited
2026-03-30 18:04:44.174 [main] org.quartz.impl.jdbcjobstore.JobStoreSupport initialize INFO  o.s.scheduling.quartz.LocalDataSourceJobStore:672 - Using db table-based data access locking (synchronization).
2026-03-30 18:04:44.179 [main] org.quartz.impl.jdbcjobstore.JobStoreCMT initialize INFO  o.s.scheduling.quartz.LocalDataSourceJobStore:145 - JobStoreCMT initialized.
2026-03-30 18:04:44.180 [main] org.quartz.core.QuartzScheduler initialize INFO  org.quartz.core.QuartzScheduler:294 - Scheduler meta-data: Quartz Scheduler (v2.3.2) 'YfExamScheduler' with instanceId 'Mars1774865083694'
  Scheduler class: 'org.quartz.core.QuartzScheduler' - running locally.
  NOT STARTED.
  Currently in standby mode.
  Number of jobs executed: 0
  Using thread pool 'org.quartz.simpl.SimpleThreadPool' - with 100 threads.
  Using job-store 'org.springframework.scheduling.quartz.LocalDataSourceJobStore' - which supports persistence. and is clustered.

2026-03-30 18:04:44.181 [main] org.quartz.impl.StdSchedulerFactory instantiate INFO  org.quartz.impl.StdSchedulerFactory:1374 - Quartz scheduler 'YfExamScheduler' initialized from an externally provided properties instance.
2026-03-30 18:04:44.181 [main] org.quartz.impl.StdSchedulerFactory instantiate INFO  org.quartz.impl.StdSchedulerFactory:1378 - Quartz scheduler version: 2.3.2
2026-03-30 18:04:44.181 [main] org.quartz.core.QuartzScheduler setJobFactory INFO  org.quartz.core.QuartzScheduler:2293 - JobFactory set to: org.springframework.scheduling.quartz.SpringBeanJobFactory@578c99ac
2026-03-30 18:04:44.302 [main] com.yf.web.config.mybatis.SnowflakeIdGenerator <init> ERROR com.yf.web.config.mybatis.SnowflakeIdGenerator:31 - ++++++++++ init mybatis workerId:18, datacenterId:31
2026-03-30 18:04:48.742 [main] com.github.dozermapper.core.DozerBeanMapperBuilder build INFO  c.github.dozermapper.core.DozerBeanMapperBuilder:544 - Initializing Dozer. Version: 7.0.0, Thread Name: main
2026-03-30 18:04:48.745 [main] com.github.dozermapper.core.util.RuntimeUtils isOSGi INFO  com.github.dozermapper.core.util.RuntimeUtils:53 - OSGi support is false
2026-03-30 18:04:48.755 [main] com.github.dozermapper.core.config.resolvers.LegacyPropertiesSettingsResolver processFile INFO  c.g.d.c.c.r.LegacyPropertiesSettingsResolver:60 - Trying to find Dozer configuration file: dozer.properties
2026-03-30 18:04:48.759 [main] com.github.dozermapper.core.config.resolvers.LegacyPropertiesSettingsResolver processFile INFO  c.g.d.c.c.r.LegacyPropertiesSettingsResolver:63 - Failed to find dozer.properties via com.github.dozermapper.core.config.resolvers.LegacyPropertiesSettingsResolver.
2026-03-30 18:04:48.770 [main] com.github.dozermapper.core.el.ELExpressionFactory isSupported INFO  c.github.dozermapper.core.el.ELExpressionFactory:60 - jakarta.el is not supported; Failed to resolve ExpressionFactory, com.sun.el.ExpressionFactoryImpl
2026-03-30 18:04:48.979 [main] com.yf.ability.ai.providers.bailian.BaiLianConfigServiceImpl preload INFO  c.y.a.a.providers.bailian.BaiLianConfigServiceImpl:32 - +++++++++++++预热阿里云百炼 AI服务...
2026-03-30 18:04:50.064 [main] com.yf.system.jobs.SysJobStarter init INFO  com.yf.system.jobs.SysJobStarter:28 - ++++++初始化全部系统任务
2026-03-30 18:04:50.066 [main] com.yf.system.jobs.UserExpireJob build INFO  com.yf.system.jobs.UserExpireJob:54 - ++++++初始化到期任务：user_expire_task
2026-03-30 18:04:50.145 [main] com.yf.system.jobs.StatDateJob build INFO  com.yf.system.jobs.StatDateJob:53 - ++++++初始化辅助日期构建：stat_date_build_task
2026-03-30 18:04:50.148 [main] com.yf.system.jobs.LogClearJob build INFO  com.yf.system.jobs.LogClearJob:64 - ++++++初始化清理日志任务：log_clear_task
2026-03-30 18:04:50.323 [scheduling-1] com.yf.job.service.impl.JobServiceImpl deleteJob INFO  com.yf.job.service.impl.JobServiceImpl:132 - ++++++++++删除任务：system.user_expire_task
2026-03-30 18:04:50.325 [scheduling-1] com.yf.job.service.impl.JobServiceImpl addCronJob INFO  com.yf.job.service.impl.JobServiceImpl:52 - ++++++++++先删除任务：user_expire_task
2026-03-30 18:04:50.335 [scheduling-1] com.yf.job.service.impl.JobServiceImpl deleteJob INFO  com.yf.job.service.impl.JobServiceImpl:132 - ++++++++++删除任务：system.user_expire_task
2026-03-30 18:04:50.337 [scheduling-1] com.yf.job.service.impl.JobServiceImpl addCronJob INFO  com.yf.job.service.impl.JobServiceImpl:54 - ++++++++++再构建任务：class com.yf.system.jobs.UserExpireJob,user_expire_task,system,0 0/10 * * * ?, 
2026-03-30 18:04:50.494 [scheduling-1] com.yf.job.service.impl.JobServiceImpl addCronJob INFO  com.yf.job.service.impl.JobServiceImpl:67 - +++++按表达式执行:{"name":"user_expire_task","group":"system","description":null,"jobClass":"com.yf.system.jobs.UserExpireJob","jobDataMap":{"taskData":""},"key":{"name":"user_expire_task","group":"system"},"fullName":"system.user_expire_task","persistJobDataAfterExecution":false,"concurrentExectionDisallowed":false,"jobBuilder":{},"durable":false}
2026-03-30 18:04:50.547 [scheduling-1] com.yf.job.service.impl.JobServiceImpl deleteJob INFO  com.yf.job.service.impl.JobServiceImpl:132 - ++++++++++删除任务：system.stat_date_build_task
2026-03-30 18:04:50.549 [scheduling-1] com.yf.job.service.impl.JobServiceImpl addCronJob INFO  com.yf.job.service.impl.JobServiceImpl:52 - ++++++++++先删除任务：stat_date_build_task
2026-03-30 18:04:50.554 [scheduling-1] com.yf.job.service.impl.JobServiceImpl deleteJob INFO  com.yf.job.service.impl.JobServiceImpl:132 - ++++++++++删除任务：system.stat_date_build_task
2026-03-30 18:04:50.556 [scheduling-1] com.yf.job.service.impl.JobServiceImpl addCronJob INFO  com.yf.job.service.impl.JobServiceImpl:54 - ++++++++++再构建任务：class com.yf.system.jobs.StatDateJob,stat_date_build_task,system,null, 
2026-03-30 18:04:50.563 [scheduling-1] com.yf.job.service.impl.JobServiceImpl addCronJob INFO  com.yf.job.service.impl.JobServiceImpl:71 - +++++任务立即执行:{"name":"stat_date_build_task","group":"system","description":null,"jobClass":"com.yf.system.jobs.StatDateJob","jobDataMap":{"taskData":""},"key":{"name":"stat_date_build_task","group":"system"},"fullName":"system.stat_date_build_task","persistJobDataAfterExecution":false,"concurrentExectionDisallowed":false,"jobBuilder":{},"durable":false}
2026-03-30 18:04:50.629 [scheduling-1] com.yf.job.service.impl.JobServiceImpl deleteJob INFO  com.yf.job.service.impl.JobServiceImpl:132 - ++++++++++删除任务：system.log_clear_task
2026-03-30 18:04:50.631 [scheduling-1] com.yf.job.service.impl.JobServiceImpl addCronJob INFO  com.yf.job.service.impl.JobServiceImpl:52 - ++++++++++先删除任务：log_clear_task
2026-03-30 18:04:50.641 [scheduling-1] com.yf.job.service.impl.JobServiceImpl deleteJob INFO  com.yf.job.service.impl.JobServiceImpl:132 - ++++++++++删除任务：system.log_clear_task
2026-03-30 18:04:50.642 [scheduling-1] com.yf.job.service.impl.JobServiceImpl addCronJob INFO  com.yf.job.service.impl.JobServiceImpl:54 - ++++++++++再构建任务：class com.yf.system.jobs.LogClearJob,log_clear_task,system,0 0 3 * * ?, 
2026-03-30 18:04:50.652 [scheduling-1] com.yf.job.service.impl.JobServiceImpl addCronJob INFO  com.yf.job.service.impl.JobServiceImpl:67 - +++++按表达式执行:{"name":"log_clear_task","group":"system","description":null,"jobClass":"com.yf.system.jobs.LogClearJob","jobDataMap":{"taskData":""},"key":{"name":"log_clear_task","group":"system"},"fullName":"system.log_clear_task","persistJobDataAfterExecution":false,"concurrentExectionDisallowed":false,"jobBuilder":{},"durable":false}
2026-03-30 18:04:52.365 [main] com.yf.exam.job.ExamMsgJobStarter startScheduledTask INFO  com.yf.exam.job.ExamMsgJobStarter:35 - ++++++++++启动考试消息处理任务
2026-03-30 18:04:53.497 [main] com.wk.ding.oa.client.ding.DingOAClient <init> INFO  com.wk.ding.oa.client.ding.DingOAClient:86 - 打印配置文件信息, oa-properties : {"agentId":"2559304124","appKey":"dingbfb2bhoffocxp7rv","appSecret":"kfxK5jml6PHS-g4x8JPMtCF07DJ-tILKOF1Y35Pa1BPewa6S7aSueN-Dly4z5Tf5","corpId":"dingad5cd2423c521f5e35c2f4657eb6378f","partSize":5242880,"spaceId":"4338590935","submitUserId":"192800566221166797","unionId":"t99Ic2tdNGVUPiSdmqraKXQiEiE"}
2026-03-30 18:04:53.831 [main] com.yf.web.config.CorsConfig addCorsMappings ERROR com.yf.web.config.CorsConfig:52 - ++++++++++支持的域名有：[http://localhost:*, http://*:*]
2026-03-30 18:04:54.952 [main] org.apache.juli.logging.DirectJDKLog log INFO  org.apache.coyote.http11.Http11NioProtocol:173 - Starting ProtocolHandler ["http-nio-8101"]
2026-03-30 18:04:54.968 [main] org.springframework.boot.web.embedded.tomcat.TomcatWebServer start INFO  o.s.boot.web.embedded.tomcat.TomcatWebServer:241 - Tomcat started on port 8101 (http) with context path ''
2026-03-30 18:04:54.969 [main] org.springframework.scheduling.quartz.SchedulerFactoryBean startScheduler INFO  o.s.scheduling.quartz.SchedulerFactoryBean:729 - Starting Quartz Scheduler now
2026-03-30 18:04:54.981 [main] org.quartz.impl.jdbcjobstore.JobStoreSupport logWarnIfNonZero INFO  o.s.scheduling.quartz.LocalDataSourceJobStore:3644 - ClusterManager: detected 1 failed or restarted instances.
2026-03-30 18:04:54.982 [main] org.quartz.impl.jdbcjobstore.JobStoreSupport clusterRecover INFO  o.s.scheduling.quartz.LocalDataSourceJobStore:3503 - ClusterManager: Scanning for instance "Mars1774341085131"'s failed in-progress jobs.
2026-03-30 18:04:54.987 [main] org.quartz.core.QuartzScheduler start INFO  org.quartz.core.QuartzScheduler:547 - Scheduler YfExamScheduler_$_Mars1774865083694 started.
2026-03-30 18:04:55.008 [main] org.springframework.boot.StartupInfoLogger logStarted INFO  com.yf.web.WebApplication:56 - Started WebApplication in 17.344 seconds (process running for 18.195)
2026-03-30 18:04:55.019 [YfExamScheduler_Worker-1] com.yf.system.jobs.StatDateJob execute INFO  com.yf.system.jobs.StatDateJob:42 - ++++++++++初始化日期辅助表
2026-03-30 18:04:55.020 [YfExamScheduler_Worker-1] com.yf.system.jobs.StatDateJob execute INFO  com.yf.system.jobs.StatDateJob:43 - ++++++++++jobName:stat_date_build_task
2026-03-30 18:04:55.020 [YfExamScheduler_Worker-1] com.yf.system.jobs.StatDateJob execute INFO  com.yf.system.jobs.StatDateJob:44 - ++++++++++jobGroup:system
2026-03-30 18:04:55.032 [main] com.yf.web.config.DatabaseMigrationRunner run INFO  com.yf.web.config.DatabaseMigrationRunner:61 - data_scope字段已存在，跳过迁移
2026-03-30 18:04:55.060 [main] com.yf.system.modules.menu.cache.PermissionMenuCache refresh INFO  c.yf.system.modules.menu.cache.PermissionMenuCache:56 - 权限菜单映射缓存已加载: 155 条记录
2026-03-30 18:04:55.071 [main] com.yf.web.WebApplication main ERROR com.yf.web.WebApplication:50 - 
----------------------------------------------------------
	云帆考试系统启动成功，访问路径如下:
	本地路径: 		http://localhost:8101/
	网络地址: 	http://192.168.137.1:8101/
	API文档: 		http://192.168.137.1:8101/doc.html
----------------------------------------------------------
2026-03-30 18:04:55.141 [YfExamScheduler_Worker-1] com.baomidou.mybatisplus.extension.spi.SpringCompatibleSet executeBatch WARN  c.y.s.modules.dd.service.impl.SysDateServiceImpl:63 - SqlSession [org.apache.ibatis.session.defaults.DefaultSqlSession@7f6c9956] Transaction not enabled
2026-03-30 18:04:57.375 [pool-5-thread-1] com.yf.exam.job.ExamMsgJob executeTask INFO  com.yf.exam.job.ExamMsgJob:38 - ++++++++++定时任务：轮询发消息
