2026-05-21 10:09:51.496 [main] com.yf.web.config.mybatis.SnowflakeIdGenerator <init> ERROR com.yf.web.config.mybatis.SnowflakeIdGenerator:31 - ++++++++++ init mybatis workerId:31, datacenterId:10
2026-05-21 10:09:57.978 [main] org.springframework.boot.SpringApplication reportFailure ERROR org.springframework.boot.SpringApplication:855 - Application run failed
org.springframework.beans.factory.UnsatisfiedDependencyException: Error creating bean with name 'courseNotifyJob' defined in file [E:\rhProject\wk-train-center-service\yf-modules\yf-module-course\target\classes\com\yf\course\job\CourseNotifyJob.class]: Unsatisfied dependency expressed through constructor parameter 0: Error creating bean with name 'courseServiceImpl': Injection of autowired dependencies failed
	at org.springframework.beans.factory.support.ConstructorResolver.createArgumentArray(ConstructorResolver.java:802)
	at org.springframework.beans.factory.support.ConstructorResolver.autowireConstructor(ConstructorResolver.java:241)
	at org.springframework.beans.factory.support.AbstractAutowireCapableBeanFactory.autowireConstructor(AbstractAutowireCapableBeanFactory.java:1354)
	at org.springframework.beans.factory.support.AbstractAutowireCapableBeanFactory.createBeanInstance(AbstractAutowireCapableBeanFactory.java:1191)
	at org.springframework.beans.factory.support.AbstractAutowireCapableBeanFactory.doCreateBean(AbstractAutowireCapableBeanFactory.java:561)
	at org.springframework.beans.factory.support.AbstractAutowireCapableBeanFactory.createBean(AbstractAutowireCapableBeanFactory.java:521)
	at org.springframework.beans.factory.support.AbstractBeanFactory.lambda$doGetBean$0(AbstractBeanFactory.java:325)
	at org.springframework.beans.factory.support.DefaultSingletonBeanRegistry.getSingleton(DefaultSingletonBeanRegistry.java:234)
	at org.springframework.beans.factory.support.AbstractBeanFactory.doGetBean(AbstractBeanFactory.java:323)
	at org.springframework.beans.factory.support.AbstractBeanFactory.getBean(AbstractBeanFactory.java:199)
	at org.springframework.beans.factory.support.DefaultListableBeanFactory.preInstantiateSingletons(DefaultListableBeanFactory.java:975)
	at org.springframework.context.support.AbstractApplicationContext.finishBeanFactoryInitialization(AbstractApplicationContext.java:960)
	at org.springframework.context.support.AbstractApplicationContext.refresh(AbstractApplicationContext.java:625)
	at org.springframework.boot.web.servlet.context.ServletWebServerApplicationContext.refresh(ServletWebServerApplicationContext.java:146)
	at org.springframework.boot.SpringApplication.refresh(SpringApplication.java:762)
	at org.springframework.boot.SpringApplication.refreshContext(SpringApplication.java:464)
	at org.springframework.boot.SpringApplication.run(SpringApplication.java:334)
	at com.yf.web.WebApplication.main(WebApplication.java:37)
Caused by: org.springframework.beans.factory.BeanCreationException: Error creating bean with name 'courseServiceImpl': Injection of autowired dependencies failed
	at org.springframework.beans.factory.annotation.AutowiredAnnotationBeanPostProcessor.postProcessProperties(AutowiredAnnotationBeanPostProcessor.java:514)
	at org.springframework.beans.factory.support.AbstractAutowireCapableBeanFactory.populateBean(AbstractAutowireCapableBeanFactory.java:1418)
	at org.springframework.beans.factory.support.AbstractAutowireCapableBeanFactory.doCreateBean(AbstractAutowireCapableBeanFactory.java:598)
	at org.springframework.beans.factory.support.AbstractAutowireCapableBeanFactory.createBean(AbstractAutowireCapableBeanFactory.java:521)
	at org.springframework.beans.factory.support.AbstractBeanFactory.lambda$doGetBean$0(AbstractBeanFactory.java:325)
	at org.springframework.beans.factory.support.DefaultSingletonBeanRegistry.getSingleton(DefaultSingletonBeanRegistry.java:234)
	at org.springframework.beans.factory.support.AbstractBeanFactory.doGetBean(AbstractBeanFactory.java:323)
	at org.springframework.beans.factory.support.AbstractBeanFactory.getBean(AbstractBeanFactory.java:199)
	at org.springframework.beans.factory.config.DependencyDescriptor.resolveCandidate(DependencyDescriptor.java:254)
	at org.springframework.beans.factory.support.DefaultListableBeanFactory.doResolveDependency(DefaultListableBeanFactory.java:1443)
	at org.springframework.beans.factory.support.DefaultListableBeanFactory.resolveDependency(DefaultListableBeanFactory.java:1353)
	at org.springframework.beans.factory.support.ConstructorResolver.resolveAutowiredArgument(ConstructorResolver.java:911)
	at org.springframework.beans.factory.support.ConstructorResolver.createArgumentArray(ConstructorResolver.java:789)
	... 17 common frames omitted
Caused by: java.lang.NoClassDefFoundError: FinishNotifyRespDTO
	at java.base/java.lang.Class.getDeclaredMethods0(Native Method)
	at java.base/java.lang.Class.privateGetDeclaredMethods(Class.java:3404)
	at java.base/java.lang.Class.getDeclaredMethods(Class.java:2506)
	at org.springframework.aop.framework.JdkDynamicAopProxy.findDefinedEqualsAndHashCodeMethods(JdkDynamicAopProxy.java:170)
	at org.springframework.aop.framework.JdkDynamicAopProxy.<init>(JdkDynamicAopProxy.java:114)
	at org.springframework.aop.framework.DefaultAopProxyFactory.createAopProxy(DefaultAopProxyFactory.java:74)
	at org.springframework.aop.framework.ProxyCreatorSupport.createAopProxy(ProxyCreatorSupport.java:105)
	at org.springframework.aop.framework.ProxyFactory.getProxy(ProxyFactory.java:110)
	at org.springframework.context.annotation.ContextAnnotationAutowireCandidateResolver.buildLazyResolutionProxy(ContextAnnotationAutowireCandidateResolver.java:136)
	at org.springframework.context.annotation.ContextAnnotationAutowireCandidateResolver.buildLazyResolutionProxy(ContextAnnotationAutowireCandidateResolver.java:84)
	at org.springframework.context.annotation.ContextAnnotationAutowireCandidateResolver.getLazyResolutionProxyIfNecessary(ContextAnnotationAutowireCandidateResolver.java:54)
	at org.springframework.beans.factory.support.DefaultListableBeanFactory.resolveDependency(DefaultListableBeanFactory.java:1347)
	at org.springframework.beans.factory.annotation.AutowiredAnnotationBeanPostProcessor$AutowiredMethodElement.resolveMethodArguments(AutowiredAnnotationBeanPostProcessor.java:887)
	at org.springframework.beans.factory.annotation.AutowiredAnnotationBeanPostProcessor$AutowiredMethodElement.inject(AutowiredAnnotationBeanPostProcessor.java:848)
	at org.springframework.beans.factory.annotation.InjectionMetadata.inject(InjectionMetadata.java:145)
	at org.springframework.beans.factory.annotation.AutowiredAnnotationBeanPostProcessor.postProcessProperties(AutowiredAnnotationBeanPostProcessor.java:508)
	... 29 common frames omitted
Caused by: java.lang.ClassNotFoundException: FinishNotifyRespDTO
	at java.base/jdk.internal.loader.BuiltinClassLoader.loadClass(BuiltinClassLoader.java:641)
	at java.base/jdk.internal.loader.ClassLoaders$AppClassLoader.loadClass(ClassLoaders.java:188)
	at java.base/java.lang.ClassLoader.loadClass(ClassLoader.java:525)
	... 45 common frames omitted
2026-05-21 10:37:06.967 [main] com.yf.web.config.mybatis.SnowflakeIdGenerator <init> ERROR com.yf.web.config.mybatis.SnowflakeIdGenerator:31 - ++++++++++ init mybatis workerId:27, datacenterId:17
2026-05-21 10:37:15.266 [main] com.yf.web.config.CorsConfig addCorsMappings ERROR com.yf.web.config.CorsConfig:52 - ++++++++++支持的域名有：[http://localhost:*, http://*:*]
2026-05-21 10:37:16.643 [main] com.yf.web.WebApplication main ERROR com.yf.web.WebApplication:48 - 
----------------------------------------------------------
	云帆考试系统启动成功，访问路径如下:
	本地路径: 		http://localhost:8101/
	网络地址: 	http://192.168.137.1:8101/
	API文档: 		http://192.168.137.1:8101/doc.html
----------------------------------------------------------
2026-05-21 10:39:24.417 [main] com.yf.web.config.mybatis.SnowflakeIdGenerator <init> ERROR com.yf.web.config.mybatis.SnowflakeIdGenerator:31 - ++++++++++ init mybatis workerId:6, datacenterId:22
2026-05-21 10:39:32.160 [main] com.yf.web.config.CorsConfig addCorsMappings ERROR com.yf.web.config.CorsConfig:52 - ++++++++++支持的域名有：[http://localhost:*, http://*:*]
2026-05-21 10:39:33.270 [main] com.yf.web.WebApplication main ERROR com.yf.web.WebApplication:48 - 
----------------------------------------------------------
	云帆考试系统启动成功，访问路径如下:
	本地路径: 		http://localhost:8101/
	网络地址: 	http://192.168.124.151:8101/
	API文档: 		http://192.168.124.151:8101/doc.html
----------------------------------------------------------
2026-05-21 11:43:14.421 [http-nio-8101-exec-28] com.yf.system.modules.menu.controller.SysMenuController routes ERROR c.y.s.modules.menu.controller.SysMenuController:64 - ++++++++用户ID：10001
2026-05-21 11:46:04.738 [http-nio-8101-exec-46] com.yf.system.modules.menu.controller.SysMenuController routes ERROR c.y.s.modules.menu.controller.SysMenuController:64 - ++++++++用户ID：10001
2026-05-21 13:08:46.717 [http-nio-8101-exec-73] com.yf.system.modules.menu.controller.SysMenuController routes ERROR c.y.s.modules.menu.controller.SysMenuController:64 - ++++++++用户ID：10001
2026-05-21 13:09:35.604 [http-nio-8101-exec-84] com.yf.system.modules.menu.controller.SysMenuController routes ERROR c.y.s.modules.menu.controller.SysMenuController:64 - ++++++++用户ID：10001
2026-05-21 13:09:38.060 [http-nio-8101-exec-91] com.yf.system.modules.menu.controller.SysMenuController routes ERROR c.y.s.modules.menu.controller.SysMenuController:64 - ++++++++用户ID：10001
2026-05-21 13:09:39.481 [http-nio-8101-exec-97] com.yf.system.modules.menu.controller.SysMenuController routes ERROR c.y.s.modules.menu.controller.SysMenuController:64 - ++++++++用户ID：10001
2026-05-21 13:09:45.179 [http-nio-8101-exec-6] com.yf.system.modules.menu.controller.SysMenuController routes ERROR c.y.s.modules.menu.controller.SysMenuController:64 - ++++++++用户ID：10001
2026-05-21 13:09:46.267 [http-nio-8101-exec-12] com.yf.system.modules.menu.controller.SysMenuController routes ERROR c.y.s.modules.menu.controller.SysMenuController:64 - ++++++++用户ID：10001
2026-05-21 13:11:55.294 [http-nio-8101-exec-26] com.yf.system.modules.menu.controller.SysMenuController routes ERROR c.y.s.modules.menu.controller.SysMenuController:64 - ++++++++用户ID：10001
2026-05-21 13:12:21.707 [http-nio-8101-exec-43] com.yf.system.modules.menu.controller.SysMenuController routes ERROR c.y.s.modules.menu.controller.SysMenuController:64 - ++++++++用户ID：10001
2026-05-21 13:12:39.891 [http-nio-8101-exec-55] com.yf.system.modules.menu.controller.SysMenuController routes ERROR c.y.s.modules.menu.controller.SysMenuController:64 - ++++++++用户ID：10001
2026-05-21 13:12:55.096 [http-nio-8101-exec-69] com.yf.system.modules.menu.controller.SysMenuController routes ERROR c.y.s.modules.menu.controller.SysMenuController:64 - ++++++++用户ID：10001
2026-05-21 13:13:05.184 [http-nio-8101-exec-74] com.yf.system.modules.menu.controller.SysMenuController routes ERROR c.y.s.modules.menu.controller.SysMenuController:64 - ++++++++用户ID：10001
2026-05-21 13:13:08.487 [http-nio-8101-exec-73] com.yf.web.exception.ServiceExceptionHandler serviceExceptionHandler ERROR com.yf.web.exception.ServiceExceptionHandler:53 - ServiceException(code=10010002, msg=您还未登录，请先登录！)
2026-05-21 13:13:13.823 [http-nio-8101-exec-82] com.yf.system.modules.menu.controller.SysMenuController routes ERROR c.y.s.modules.menu.controller.SysMenuController:64 - ++++++++用户ID：10001
2026-05-21 13:15:58.544 [http-nio-8101-exec-7] com.yf.system.modules.menu.controller.SysMenuController routes ERROR c.y.s.modules.menu.controller.SysMenuController:64 - ++++++++用户ID：10001
2026-05-21 13:16:13.068 [http-nio-8101-exec-15] com.yf.system.modules.menu.controller.SysMenuController routes ERROR c.y.s.modules.menu.controller.SysMenuController:64 - ++++++++用户ID：10001
2026-05-21 13:16:17.752 [http-nio-8101-exec-20] com.yf.system.modules.menu.controller.SysMenuController routes ERROR c.y.s.modules.menu.controller.SysMenuController:64 - ++++++++用户ID：10001
2026-05-21 13:16:25.655 [http-nio-8101-exec-38] com.yf.system.modules.menu.controller.SysMenuController routes ERROR c.y.s.modules.menu.controller.SysMenuController:64 - ++++++++用户ID：10001
2026-05-21 13:26:00.424 [http-nio-8101-exec-52] com.yf.system.modules.menu.controller.SysMenuController routes ERROR c.y.s.modules.menu.controller.SysMenuController:64 - ++++++++用户ID：10001
2026-05-21 13:26:03.665 [http-nio-8101-exec-60] com.yf.system.modules.menu.controller.SysMenuController routes ERROR c.y.s.modules.menu.controller.SysMenuController:64 - ++++++++用户ID：10001
2026-05-21 13:26:24.574 [http-nio-8101-exec-68] com.yf.system.modules.menu.controller.SysMenuController routes ERROR c.y.s.modules.menu.controller.SysMenuController:64 - ++++++++用户ID：10001
2026-05-21 13:27:52.218 [http-nio-8101-exec-76] com.yf.system.modules.menu.controller.SysMenuController routes ERROR c.y.s.modules.menu.controller.SysMenuController:64 - ++++++++用户ID：10001
2026-05-21 13:29:55.498 [http-nio-8101-exec-90] com.yf.system.modules.menu.controller.SysMenuController routes ERROR c.y.s.modules.menu.controller.SysMenuController:64 - ++++++++用户ID：10001
2026-05-21 13:32:36.946 [http-nio-8101-exec-3] com.yf.system.modules.menu.controller.SysMenuController routes ERROR c.y.s.modules.menu.controller.SysMenuController:64 - ++++++++用户ID：10001
2026-05-21 13:33:14.251 [http-nio-8101-exec-9] com.yf.system.modules.menu.controller.SysMenuController routes ERROR c.y.s.modules.menu.controller.SysMenuController:64 - ++++++++用户ID：10001
2026-05-21 13:33:29.600 [http-nio-8101-exec-21] com.yf.system.modules.menu.controller.SysMenuController routes ERROR c.y.s.modules.menu.controller.SysMenuController:64 - ++++++++用户ID：10001
2026-05-21 13:33:30.563 [http-nio-8101-exec-25] com.yf.system.modules.menu.controller.SysMenuController routes ERROR c.y.s.modules.menu.controller.SysMenuController:64 - ++++++++用户ID：10001
2026-05-21 13:33:41.279 [http-nio-8101-exec-34] com.yf.system.modules.menu.controller.SysMenuController routes ERROR c.y.s.modules.menu.controller.SysMenuController:64 - ++++++++用户ID：10001
2026-05-21 13:43:45.456 [http-nio-8101-exec-52] com.yf.system.modules.menu.controller.SysMenuController routes ERROR c.y.s.modules.menu.controller.SysMenuController:64 - ++++++++用户ID：10001
2026-05-21 13:43:54.917 [http-nio-8101-exec-58] com.yf.system.modules.menu.controller.SysMenuController routes ERROR c.y.s.modules.menu.controller.SysMenuController:64 - ++++++++用户ID：10001
2026-05-21 13:44:07.925 [http-nio-8101-exec-72] com.yf.system.modules.menu.controller.SysMenuController routes ERROR c.y.s.modules.menu.controller.SysMenuController:64 - ++++++++用户ID：10001
2026-05-21 13:46:16.010 [http-nio-8101-exec-84] com.yf.system.modules.menu.controller.SysMenuController routes ERROR c.y.s.modules.menu.controller.SysMenuController:64 - ++++++++用户ID：10001
2026-05-21 13:46:19.129 [http-nio-8101-exec-92] com.yf.system.modules.menu.controller.SysMenuController routes ERROR c.y.s.modules.menu.controller.SysMenuController:64 - ++++++++用户ID：10001
2026-05-21 13:46:22.288 [http-nio-8101-exec-12] com.yf.system.modules.menu.controller.SysMenuController routes ERROR c.y.s.modules.menu.controller.SysMenuController:64 - ++++++++用户ID：10001
2026-05-21 13:46:24.225 [http-nio-8101-exec-24] com.yf.system.modules.menu.controller.SysMenuController routes ERROR c.y.s.modules.menu.controller.SysMenuController:64 - ++++++++用户ID：10001
2026-05-21 13:46:25.985 [http-nio-8101-exec-30] com.yf.system.modules.menu.controller.SysMenuController routes ERROR c.y.s.modules.menu.controller.SysMenuController:64 - ++++++++用户ID：10001
2026-05-21 13:46:36.216 [http-nio-8101-exec-40] com.yf.system.modules.menu.controller.SysMenuController routes ERROR c.y.s.modules.menu.controller.SysMenuController:64 - ++++++++用户ID：10001
2026-05-21 13:50:25.803 [http-nio-8101-exec-47] com.yf.system.modules.menu.controller.SysMenuController routes ERROR c.y.s.modules.menu.controller.SysMenuController:64 - ++++++++用户ID：10001
2026-05-21 13:50:47.840 [http-nio-8101-exec-56] com.yf.system.modules.menu.controller.SysMenuController routes ERROR c.y.s.modules.menu.controller.SysMenuController:64 - ++++++++用户ID：10001
2026-05-21 13:51:49.829 [http-nio-8101-exec-66] com.yf.system.modules.menu.controller.SysMenuController routes ERROR c.y.s.modules.menu.controller.SysMenuController:64 - ++++++++用户ID：10001
2026-05-21 13:51:52.273 [http-nio-8101-exec-68] com.yf.system.modules.menu.controller.SysMenuController routes ERROR c.y.s.modules.menu.controller.SysMenuController:64 - ++++++++用户ID：10001
2026-05-21 13:51:56.433 [http-nio-8101-exec-75] com.yf.system.modules.menu.controller.SysMenuController routes ERROR c.y.s.modules.menu.controller.SysMenuController:64 - ++++++++用户ID：10001
2026-05-21 13:55:28.625 [http-nio-8101-exec-96] com.yf.system.modules.menu.controller.SysMenuController routes ERROR c.y.s.modules.menu.controller.SysMenuController:64 - ++++++++用户ID：10001
2026-05-21 13:56:18.291 [http-nio-8101-exec-10] com.yf.system.modules.menu.controller.SysMenuController routes ERROR c.y.s.modules.menu.controller.SysMenuController:64 - ++++++++用户ID：10001
2026-05-21 14:00:26.899 [http-nio-8101-exec-41] com.yf.system.modules.menu.controller.SysMenuController routes ERROR c.y.s.modules.menu.controller.SysMenuController:64 - ++++++++用户ID：10001
2026-05-21 14:00:57.347 [http-nio-8101-exec-54] com.yf.system.modules.menu.controller.SysMenuController routes ERROR c.y.s.modules.menu.controller.SysMenuController:64 - ++++++++用户ID：10001
2026-05-21 14:02:32.367 [http-nio-8101-exec-72] com.yf.system.modules.menu.controller.SysMenuController routes ERROR c.y.s.modules.menu.controller.SysMenuController:64 - ++++++++用户ID：10001
2026-05-21 14:02:51.144 [http-nio-8101-exec-77] com.yf.system.modules.menu.controller.SysMenuController routes ERROR c.y.s.modules.menu.controller.SysMenuController:64 - ++++++++用户ID：10001
2026-05-21 14:04:02.725 [http-nio-8101-exec-98] com.yf.system.modules.menu.controller.SysMenuController routes ERROR c.y.s.modules.menu.controller.SysMenuController:64 - ++++++++用户ID：10001
2026-05-21 14:04:49.742 [http-nio-8101-exec-21] com.yf.system.modules.menu.controller.SysMenuController routes ERROR c.y.s.modules.menu.controller.SysMenuController:64 - ++++++++用户ID：10001
2026-05-21 14:04:51.469 [http-nio-8101-exec-25] com.yf.system.modules.menu.controller.SysMenuController routes ERROR c.y.s.modules.menu.controller.SysMenuController:64 - ++++++++用户ID：10001
2026-05-21 14:05:29.699 [http-nio-8101-exec-42] com.yf.system.modules.menu.controller.SysMenuController routes ERROR c.y.s.modules.menu.controller.SysMenuController:64 - ++++++++用户ID：10001
2026-05-21 14:05:46.019 [http-nio-8101-exec-50] com.yf.system.modules.menu.controller.SysMenuController routes ERROR c.y.s.modules.menu.controller.SysMenuController:64 - ++++++++用户ID：10001
2026-05-21 14:06:50.449 [http-nio-8101-exec-70] com.yf.system.modules.menu.controller.SysMenuController routes ERROR c.y.s.modules.menu.controller.SysMenuController:64 - ++++++++用户ID：10001
2026-05-21 14:07:05.642 [http-nio-8101-exec-82] com.yf.system.modules.menu.controller.SysMenuController routes ERROR c.y.s.modules.menu.controller.SysMenuController:64 - ++++++++用户ID：10001
2026-05-21 14:08:38.915 [http-nio-8101-exec-1] com.yf.system.modules.menu.controller.SysMenuController routes ERROR c.y.s.modules.menu.controller.SysMenuController:64 - ++++++++用户ID：10001
2026-05-21 14:09:50.890 [http-nio-8101-exec-12] com.yf.system.modules.menu.controller.SysMenuController routes ERROR c.y.s.modules.menu.controller.SysMenuController:64 - ++++++++用户ID：10001
2026-05-21 14:12:32.107 [http-nio-8101-exec-31] com.yf.system.modules.menu.controller.SysMenuController routes ERROR c.y.s.modules.menu.controller.SysMenuController:64 - ++++++++用户ID：10001
2026-05-21 14:16:20.684 [http-nio-8101-exec-47] com.yf.system.modules.menu.controller.SysMenuController routes ERROR c.y.s.modules.menu.controller.SysMenuController:64 - ++++++++用户ID：10001
2026-05-21 14:23:35.606 [http-nio-8101-exec-61] com.yf.system.modules.menu.controller.SysMenuController routes ERROR c.y.s.modules.menu.controller.SysMenuController:64 - ++++++++用户ID：10001
2026-05-21 14:25:22.615 [http-nio-8101-exec-79] com.yf.system.modules.menu.controller.SysMenuController routes ERROR c.y.s.modules.menu.controller.SysMenuController:64 - ++++++++用户ID：10001
2026-05-21 14:25:34.429 [http-nio-8101-exec-87] com.yf.system.modules.menu.controller.SysMenuController routes ERROR c.y.s.modules.menu.controller.SysMenuController:64 - ++++++++用户ID：10001
2026-05-21 14:25:37.882 [http-nio-8101-exec-95] com.yf.system.modules.menu.controller.SysMenuController routes ERROR c.y.s.modules.menu.controller.SysMenuController:64 - ++++++++用户ID：10001
2026-05-21 15:01:05.739 [http-nio-8101-exec-15] com.yf.system.modules.menu.controller.SysMenuController routes ERROR c.y.s.modules.menu.controller.SysMenuController:64 - ++++++++用户ID：10001
2026-05-21 15:01:10.557 [http-nio-8101-exec-28] com.yf.system.modules.menu.controller.SysMenuController routes ERROR c.y.s.modules.menu.controller.SysMenuController:64 - ++++++++用户ID：10001
2026-05-21 15:01:13.308 [http-nio-8101-exec-32] com.yf.system.modules.menu.controller.SysMenuController routes ERROR c.y.s.modules.menu.controller.SysMenuController:64 - ++++++++用户ID：10001
2026-05-21 15:01:54.361 [http-nio-8101-exec-49] com.yf.system.modules.menu.controller.SysMenuController routes ERROR c.y.s.modules.menu.controller.SysMenuController:64 - ++++++++用户ID：10001
2026-05-21 15:15:54.123 [http-nio-8101-exec-53] com.yf.system.modules.menu.controller.SysMenuController routes ERROR c.y.s.modules.menu.controller.SysMenuController:64 - ++++++++用户ID：10001
